2026-04-02 03:18:13 +03:00: ReferenceError: categoryKeyboard is not defined
2026-04-02 03:18:13 +03:00:     at handleAddReview (/Users/valentinezhov/Library/Mobile Documents/com~apple~CloudDocs/Projects/JALUZI/back/src/telegram/handlers/reviews.js:73:51)
2026-04-02 03:18:13 +03:00:     at handleState (/Users/valentinezhov/Library/Mobile Documents/com~apple~CloudDocs/Projects/JALUZI/back/src/telegram/handlers/reviews.js:61:44)
2026-04-02 03:18:13 +03:00:     at TelegramBot.<anonymous> (/Users/valentinezhov/Library/Mobile Documents/com~apple~CloudDocs/Projects/JALUZI/back/src/telegram/index.js:92:15)
2026-04-02 03:18:13 +03:00:     at TelegramBot.emit (/Users/valentinezhov/Library/Mobile Documents/com~apple~CloudDocs/Projects/JALUZI/back/node_modules/eventemitter3/index.js:182:35)
2026-04-02 03:18:13 +03:00:     at TelegramBot.processUpdate (/Users/valentinezhov/Library/Mobile Documents/com~apple~CloudDocs/Projects/JALUZI/back/node_modules/node-telegram-bot-api/src/telegram.js:680:12)
2026-04-02 03:18:13 +03:00:     at /Users/valentinezhov/Library/Mobile Documents/com~apple~CloudDocs/Projects/JALUZI/back/node_modules/node-telegram-bot-api/src/telegramPolling.js:110:22
2026-04-02 03:18:13 +03:00:     at Array.forEach (<anonymous>)
2026-04-02 03:18:13 +03:00:     at /Users/valentinezhov/Library/Mobile Documents/com~apple~CloudDocs/Projects/JALUZI/back/node_modules/node-telegram-bot-api/src/telegramPolling.js:106:17
2026-04-02 03:18:13 +03:00:     at tryCatcher (/Users/valentinezhov/Library/Mobile Documents/com~apple~CloudDocs/Projects/JALUZI/back/node_modules/bluebird/js/release/util.js:16:23)
2026-04-02 03:18:13 +03:00:     at Promise._settlePromiseFromHandler (/Users/valentinezhov/Library/Mobile Documents/com~apple~CloudDocs/Projects/JALUZI/back/node_modules/bluebird/js/release/promise.js:547:31)
2026-04-02 03:18:13 +03:00:     at Promise._settlePromise (/Users/valentinezhov/Library/Mobile Documents/com~apple~CloudDocs/Projects/JALUZI/back/node_modules/bluebird/js/release/promise.js:604:18)
2026-04-02 03:18:13 +03:00:     at Promise._settlePromise0 (/Users/valentinezhov/Library/Mobile Documents/com~apple~CloudDocs/Projects/JALUZI/back/node_modules/bluebird/js/release/promise.js:649:10)
2026-04-02 03:18:13 +03:00:     at Promise._settlePromises (/Users/valentinezhov/Library/Mobile Documents/com~apple~CloudDocs/Projects/JALUZI/back/node_modules/bluebird/js/release/promise.js:729:18)
2026-04-02 03:18:13 +03:00:     at _drainQueueStep (/Users/valentinezhov/Library/Mobile Documents/com~apple~CloudDocs/Projects/JALUZI/back/node_modules/bluebird/js/release/async.js:93:12)
2026-04-02 03:18:13 +03:00:     at _drainQueue (/Users/valentinezhov/Library/Mobile Documents/com~apple~CloudDocs/Projects/JALUZI/back/node_modules/bluebird/js/release/async.js:86:9)
2026-04-02 03:18:13 +03:00:     at Async._drainQueues (/Users/valentinezhov/Library/Mobile Documents/com~apple~CloudDocs/Projects/JALUZI/back/node_modules/bluebird/js/release/async.js:102:5)
2026-04-02 03:18:13 +03:00:     at Async.drainQueues (/Users/valentinezhov/Library/Mobile Documents/com~apple~CloudDocs/Projects/JALUZI/back/node_modules/bluebird/js/release/async.js:15:14)
2026-04-02 03:18:13 +03:00:     at process.processImmediate (node:internal/timers:504:21)
2026-04-02 03:18:13 +03:00: 💥 Unhandled Rejection: ReferenceError: categoryKeyboard is not defined
2026-04-02 03:18:13 +03:00:     at handleAddReview (/Users/valentinezhov/Library/Mobile Documents/com~apple~CloudDocs/Projects/JALUZI/back/src/telegram/handlers/reviews.js:73:51)
2026-04-02 03:18:13 +03:00:     at handleState (/Users/valentinezhov/Library/Mobile Documents/com~apple~CloudDocs/Projects/JALUZI/back/src/telegram/handlers/reviews.js:61:44)
2026-04-02 03:18:13 +03:00:     at TelegramBot.<anonymous> (/Users/valentinezhov/Library/Mobile Documents/com~apple~CloudDocs/Projects/JALUZI/back/src/telegram/index.js:92:15)
2026-04-02 03:18:13 +03:00:     at TelegramBot.emit (/Users/valentinezhov/Library/Mobile Documents/com~apple~CloudDocs/Projects/JALUZI/back/node_modules/eventemitter3/index.js:182:35)
2026-04-02 03:18:13 +03:00:     at TelegramBot.processUpdate (/Users/valentinezhov/Library/Mobile Documents/com~apple~CloudDocs/Projects/JALUZI/back/node_modules/node-telegram-bot-api/src/telegram.js:680:12)
2026-04-02 03:18:13 +03:00:     at /Users/valentinezhov/Library/Mobile Documents/com~apple~CloudDocs/Projects/JALUZI/back/node_modules/node-telegram-bot-api/src/telegramPolling.js:110:22
2026-04-02 03:18:13 +03:00:     at Array.forEach (<anonymous>)
2026-04-02 03:18:13 +03:00:     at /Users/valentinezhov/Library/Mobile Documents/com~apple~CloudDocs/Projects/JALUZI/back/node_modules/node-telegram-bot-api/src/telegramPolling.js:106:17
2026-04-02 03:18:13 +03:00:     at tryCatcher (/Users/valentinezhov/Library/Mobile Documents/com~apple~CloudDocs/Projects/JALUZI/back/node_modules/bluebird/js/release/util.js:16:23)
2026-04-02 03:18:13 +03:00:     at Promise._settlePromiseFromHandler (/Users/valentinezhov/Library/Mobile Documents/com~apple~CloudDocs/Projects/JALUZI/back/node_modules/bluebird/js/release/promise.js:547:31)
2026-04-02 03:18:13 +03:00:     at Promise._settlePromise (/Users/valentinezhov/Library/Mobile Documents/com~apple~CloudDocs/Projects/JALUZI/back/node_modules/bluebird/js/release/promise.js:604:18)
2026-04-02 03:18:13 +03:00:     at Promise._settlePromise0 (/Users/valentinezhov/Library/Mobile Documents/com~apple~CloudDocs/Projects/JALUZI/back/node_modules/bluebird/js/release/promise.js:649:10)
2026-04-02 03:18:13 +03:00:     at Promise._settlePromises (/Users/valentinezhov/Library/Mobile Documents/com~apple~CloudDocs/Projects/JALUZI/back/node_modules/bluebird/js/release/promise.js:729:18)
2026-04-02 03:18:13 +03:00:     at _drainQueueStep (/Users/valentinezhov/Library/Mobile Documents/com~apple~CloudDocs/Projects/JALUZI/back/node_modules/bluebird/js/release/async.js:93:12)
2026-04-02 03:18:13 +03:00:     at _drainQueue (/Users/valentinezhov/Library/Mobile Documents/com~apple~CloudDocs/Projects/JALUZI/back/node_modules/bluebird/js/release/async.js:86:9)
2026-04-02 03:18:13 +03:00:     at Async._drainQueues (/Users/valentinezhov/Library/Mobile Documents/com~apple~CloudDocs/Projects/JALUZI/back/node_modules/bluebird/js/release/async.js:102:5)
2026-04-02 03:18:13 +03:00:     at Async.drainQueues (/Users/valentinezhov/Library/Mobile Documents/com~apple~CloudDocs/Projects/JALUZI/back/node_modules/bluebird/js/release/async.js:15:14)
2026-04-02 03:18:13 +03:00:     at process.processImmediate (node:internal/timers:504:21)
2026-04-02 03:27:02 +03:00: Email error: connect ECONNREFUSED 172.253.152.109:587
2026-04-02 03:36:06 +03:00: ❌ IMAP error: LOGIN invalid credentials or IMAP is disabled sc=6aPDxA6xPmI0_2026-04-02-00-36_imap-production-main-274
2026-04-02 03:40:00 +03:00: ❌ IMAP error: LOGIN invalid credentials or IMAP is disabled sc=xdPW6v7Rsa60_2026-04-02-00-40_imap-production-main-484
2026-04-02 03:40:30 +03:00: ❌ IMAP error: LOGIN invalid credentials or IMAP is disabled sc=UePhaH6XwSw0_2026-04-02-00-40_imap-production-main-651
2026-04-02 03:41:01 +03:00: ❌ IMAP error: LOGIN invalid credentials or IMAP is disabled sc=0fPvha2SsGk0_2026-04-02-00-41_imap-production-main-737
2026-04-02 03:41:34 +03:00: ❌ IMAP error: LOGIN invalid credentials or IMAP is disabled sc=XfPO0e5SrKo0_2026-04-02-00-41_imap-production-main-985
2026-04-02 03:42:05 +03:00: ❌ IMAP error: LOGIN invalid credentials or IMAP is disabled sc=4gPuhI6ZxCg0_2026-04-02-00-42_imap-production-main-904
2026-04-02 03:42:38 +03:00: ❌ IMAP error: LOGIN invalid credentials or IMAP is disabled sc=bgP7Mm5h9mI0_2026-04-02-00-42_imap-production-main-504
2026-04-02 03:43:00 +03:00: Email error: connect ECONNREFUSED 77.88.21.158:465
2026-04-02 03:43:08 +03:00: ❌ IMAP error: LOGIN invalid credentials or IMAP is disabled sc=8hPYTs3RteA0_2026-04-02-00-43_imap-production-main-56
2026-04-02 03:43:39 +03:00: ❌ IMAP error: LOGIN invalid credentials or IMAP is disabled sc=chPSow4hACg0_2026-04-02-00-43_imap-production-main-15
2026-04-02 03:44:10 +03:00: ❌ IMAP error: LOGIN invalid credentials or IMAP is disabled sc=9iPktZ1YxW20_2026-04-02-00-44_imap-production-main-93
2026-04-02 03:44:40 +03:00: ❌ IMAP error: LOGIN invalid credentials or IMAP is disabled sc=eiPf2w1j9eA0_2026-04-02-00-44_imap-production-main-226
2026-04-02 03:45:11 +03:00: ❌ IMAP error: LOGIN invalid credentials or IMAP is disabled sc=AjPi3f6Xw0U0_2026-04-02-00-45_imap-production-main-840
2026-04-02 03:45:40 +03:00: ❌ IMAP error: LOGIN invalid credentials or IMAP is disabled sc=djPB5L8jCiE0_2026-04-02-00-45_imap-production-main-24
2026-04-02 03:46:12 +03:00: ❌ IMAP error: LOGIN invalid credentials or IMAP is disabled sc=BkPk5X6X0Os0_2026-04-02-00-46_imap-production-main-62
2026-04-02 03:46:42 +03:00: ❌ IMAP error: LOGIN invalid credentials or IMAP is disabled sc=gkPrWA7Tt0U0_2026-04-02-00-46_imap-production-main-278
2026-04-02 03:47:15 +03:00: ❌ IMAP error: LOGIN invalid credentials or IMAP is disabled sc=FlPkKR2oHCg0_2026-04-02-00-47_imap-production-main-89
2026-04-02 03:47:46 +03:00: ❌ IMAP error: LOGIN invalid credentials or IMAP is disabled sc=jlPkDl2XxW20_2026-04-02-00-47_imap-production-main-23
2026-04-02 03:48:20 +03:00: ❌ IMAP error: LOGIN invalid credentials or IMAP is disabled sc=JmPdpL1b1a60_2026-04-02-00-48_imap-production-main-636
2026-04-02 03:48:50 +03:00: ❌ IMAP error: LOGIN invalid credentials or IMAP is disabled sc=omPpKJ3CeeA0_2026-04-02-00-48_imap-production-main-31
2026-04-02 03:49:21 +03:00: ❌ IMAP error: LOGIN invalid credentials or IMAP is disabled sc=KnPLAi1Z00U0_2026-04-02-00-49_imap-production-main-526
2026-04-02 03:49:52 +03:00: ❌ IMAP error: LOGIN invalid credentials or IMAP is disabled sc=pnP3U12d2iE0_2026-04-02-00-49_imap-production-main-30
2026-04-02 03:50:22 +03:00: ❌ IMAP error: LOGIN invalid credentials or IMAP is disabled sc=MoPoSd6i88c0_2026-04-02-00-50_imap-production-main-45
2026-04-02 03:50:53 +03:00: ❌ IMAP error: LOGIN invalid credentials or IMAP is disabled sc=qoPFal3sJeA0_2026-04-02-00-50_imap-production-main-50
2026-04-02 03:51:24 +03:00: ❌ IMAP error: LOGIN invalid credentials or IMAP is disabled sc=NpPgNZ16VeA0_2026-04-02-00-51_imap-production-main-41
2026-04-02 03:51:44 +03:00: ❌ IMAP error: LOGIN invalid credentials or IMAP is disabled sc=hpPACX3f4W20_2026-04-02-00-51_imap-production-main-231
2026-04-02 03:52:14 +03:00: ❌ IMAP error: LOGIN invalid credentials or IMAP is disabled sc=EqPZdP1StiE0_2026-04-02-00-52_imap-production-main-252
2026-04-02 03:52:45 +03:00: ❌ IMAP error: LOGIN invalid credentials or IMAP is disabled sc=iqPRFl1UuGk0_2026-04-02-00-52_imap-production-main-79
2026-04-02 03:53:16 +03:00: ❌ IMAP error: LOGIN invalid credentials or IMAP is disabled sc=FrPQ843nBGk0_2026-04-02-00-53_imap-production-main-425
2026-04-02 03:53:46 +03:00: ❌ IMAP error: LOGIN invalid credentials or IMAP is disabled sc=krPcql5SqqM0_2026-04-02-00-53_imap-production-main-704
2026-04-02 03:54:17 +03:00: ❌ IMAP error: LOGIN invalid credentials or IMAP is disabled sc=HsPkcN1Rra60_2026-04-02-00-54_imap-production-main-200
2026-04-02 03:54:48 +03:00: ❌ IMAP error: LOGIN invalid credentials or IMAP is disabled sc=lsP9r36Rt4Y0_2026-04-02-00-54_imap-production-main-122
2026-04-02 03:55:18 +03:00: ❌ IMAP error: LOGIN invalid credentials or IMAP is disabled sc=ItPxU94jASw0_2026-04-02-00-55_imap-production-main-36
2026-04-02 03:55:49 +03:00: ❌ IMAP error: LOGIN invalid credentials or IMAP is disabled sc=mtP1Ur6jCqM0_2026-04-02-00-55_imap-production-main-21
2026-04-02 03:56:20 +03:00: ❌ IMAP error: LOGIN invalid credentials or IMAP is disabled sc=JuPkqT3Z1Gk0_2026-04-02-00-56_imap-production-main-808
2026-04-02 03:56:50 +03:00: ❌ IMAP error: LOGIN invalid credentials or IMAP is disabled sc=ouPROX2a40U0_2026-04-02-00-56_imap-production-main-916
2026-04-02 03:57:21 +03:00: ❌ IMAP error: LOGIN invalid credentials or IMAP is disabled sc=LvPSGI1iBOs0_2026-04-02-00-57_imap-production-main-673
2026-04-02 03:57:52 +03:00: ❌ IMAP error: LOGIN invalid credentials or IMAP is disabled sc=pvPxVW3VvuQ0_2026-04-02-00-57_imap-production-main-282
2026-04-02 03:58:23 +03:00: ❌ IMAP error: LOGIN invalid credentials or IMAP is disabled sc=MwPJoJ6RtqM0_2026-04-02-00-58_imap-production-main-77
2026-04-02 03:58:53 +03:00: ❌ IMAP error: LOGIN invalid credentials or IMAP is disabled sc=rwPcs52Y10U0_2026-04-02-00-58_imap-production-main-33
2026-04-02 03:59:24 +03:00: ❌ IMAP error: LOGIN invalid credentials or IMAP is disabled sc=NxPX853lGW20_2026-04-02-00-59_imap-production-main-44
2026-04-02 03:59:55 +03:00: ❌ IMAP error: LOGIN invalid credentials or IMAP is disabled sc=sxP7NR5lDCg0_2026-04-02-00-59_imap-production-main-723
2026-04-02 04:00:25 +03:00: ❌ IMAP error: LOGIN invalid credentials or IMAP is disabled sc=P0Qf2B8Rra60_2026-04-02-01-00_imap-production-main-389
2026-04-02 04:00:56 +03:00: ❌ IMAP error: LOGIN invalid credentials or IMAP is disabled sc=u0QbVH05RW20_2026-04-02-01-00_imap-production-main-46
2026-04-02 04:01:27 +03:00: ❌ IMAP error: LOGIN invalid credentials or IMAP is disabled sc=Q1Q6tU1Qo8c0_2026-04-02-01-01_imap-production-main-46
2026-04-02 04:01:57 +03:00: ❌ IMAP error: LOGIN invalid credentials or IMAP is disabled sc=v1Qobk66SmI0_2026-04-02-01-01_imap-production-main-929
2026-04-02 04:02:28 +03:00: ❌ IMAP error: LOGIN invalid credentials or IMAP is disabled sc=R2QEDM1a2Os0_2026-04-02-01-02_imap-production-main-761
2026-04-02 04:02:59 +03:00: ❌ IMAP error: LOGIN invalid credentials or IMAP is disabled sc=w2QSba5iB0U0_2026-04-02-01-02_imap-production-main-579
2026-04-02 04:03:30 +03:00: ❌ IMAP error: LOGIN invalid credentials or IMAP is disabled sc=T3QQT62Y1qM0_2026-04-02-01-03_imap-production-main-33
2026-04-02 04:04:00 +03:00: ❌ IMAP error: LOGIN invalid credentials or IMAP is disabled sc=04QgJq5Kj8c0_2026-04-02-01-04_imap-production-main-245
2026-04-02 04:04:32 +03:00: ❌ IMAP error: LOGIN invalid credentials or IMAP is disabled sc=V4QBr46c38c0_2026-04-02-01-04_imap-production-main-448
2026-04-02 04:05:03 +03:00: ❌ IMAP error: LOGIN invalid credentials or IMAP is disabled sc=25QmKQ2lFCg0_2026-04-02-01-05_imap-production-main-716
2026-04-02 04:05:33 +03:00: ❌ IMAP error: LOGIN invalid credentials or IMAP is disabled sc=X5QP3a3QrGk0_2026-04-02-01-05_imap-production-main-517
2026-04-02 04:06:04 +03:00: ❌ IMAP error: LOGIN invalid credentials or IMAP is disabled sc=36Q5E05a0mI0_2026-04-02-01-06_imap-production-main-60
2026-04-02 04:06:35 +03:00: ❌ IMAP error: LOGIN invalid credentials or IMAP is disabled sc=Y6Qgim59aiE0_2026-04-02-01-06_imap-production-main-14
2026-04-02 04:07:07 +03:00: ❌ IMAP error: LOGIN invalid credentials or IMAP is disabled sc=67Qn2u4Lia60_2026-04-02-01-07_imap-production-main-580
2026-04-02 04:07:38 +03:00: ❌ IMAP error: LOGIN invalid credentials or IMAP is disabled sc=b7QO8m5hBOs0_2026-04-02-01-07_imap-production-main-607
2026-04-02 04:08:08 +03:00: ❌ IMAP error: LOGIN invalid credentials or IMAP is disabled sc=88Qpnp2c5mI0_2026-04-02-01-08_imap-production-main-82
2026-04-02 04:08:36 +03:00: ❌ IMAP error: LOGIN invalid credentials or IMAP is disabled sc=Z8Q5XL1jAiE0_2026-04-02-01-08_imap-production-main-72
2026-04-02 04:09:07 +03:00: ❌ IMAP error: LOGIN invalid credentials or IMAP is disabled sc=69QmCf2Z2qM0_2026-04-02-01-09_imap-production-main-834
2026-04-02 04:09:37 +03:00: ❌ IMAP error: LOGIN invalid credentials or IMAP is disabled sc=b9QRi82b2mI0_2026-04-02-01-09_imap-production-main-265
2026-04-02 04:10:08 +03:00: ❌ IMAP error: LOGIN invalid credentials or IMAP is disabled sc=8AQBH87BauQ0_2026-04-02-01-10_imap-production-main-954
2026-04-02 04:10:39 +03:00: ❌ IMAP error: LOGIN invalid credentials or IMAP is disabled sc=cAQc5q2c4mI0_2026-04-02-01-10_imap-production-main-82
2026-04-02 04:11:09 +03:00: ❌ IMAP error: LOGIN invalid credentials or IMAP is disabled sc=9BQ6B33WuuQ0_2026-04-02-01-11_imap-production-main-11
2026-04-02 04:11:22 +03:00: Email error: connect ECONNREFUSED 77.88.21.158:465
2026-04-02 04:11:40 +03:00: ❌ IMAP error: LOGIN invalid credentials or IMAP is disabled sc=eBQSqc3Hh8c0_2026-04-02-01-11_imap-production-main-542
2026-04-02 04:12:11 +03:00: ❌ IMAP error: LOGIN invalid credentials or IMAP is disabled sc=ACQE9i7TqKo0_2026-04-02-01-12_imap-production-main-11
2026-04-02 04:12:42 +03:00: ❌ IMAP error: LOGIN invalid credentials or IMAP is disabled sc=fCQljk2Z24Y0_2026-04-02-01-12_imap-production-main-164
2026-04-02 04:13:13 +03:00: ❌ IMAP error: LOGIN invalid credentials or IMAP is disabled sc=CDQLsg2BeOs0_2026-04-02-01-13_imap-production-main-749
2026-04-02 04:13:46 +03:00: ❌ IMAP error: LOGIN invalid credentials or IMAP is disabled sc=kDQCaO0NlGk0_2026-04-02-01-13_imap-production-main-984
2026-04-02 04:14:17 +03:00: ❌ IMAP error: LOGIN invalid credentials or IMAP is disabled sc=GEQE3C7YxGk0_2026-04-02-01-14_imap-production-main-584
2026-04-02 04:14:47 +03:00: ❌ IMAP error: LOGIN invalid credentials or IMAP is disabled sc=lEQoEA7CZ4Y0_2026-04-02-01-14_imap-production-main-137
2026-04-02 04:15:18 +03:00: ❌ IMAP error: LOGIN invalid credentials or IMAP is disabled sc=IFQVGn4RtqM0_2026-04-02-01-15_imap-production-main-808
2026-04-02 04:15:49 +03:00: ❌ IMAP error: LOGIN invalid credentials or IMAP is disabled sc=mFQA8i6X1qM0_2026-04-02-01-15_imap-production-main-840
2026-04-02 04:16:19 +03:00: ❌ IMAP error: LOGIN invalid credentials or IMAP is disabled sc=JGQFBs0Qn4Y0_2026-04-02-01-16_imap-production-main-558
2026-04-02 04:16:50 +03:00: ❌ IMAP error: LOGIN invalid credentials or IMAP is disabled sc=nGQB772jBeA0_2026-04-02-01-16_imap-production-main-955
2026-04-02 04:17:21 +03:00: ❌ IMAP error: LOGIN invalid credentials or IMAP is disabled sc=KHQBel6jBqM0_2026-04-02-01-17_imap-production-main-410
2026-04-02 04:17:51 +03:00: ❌ IMAP error: LOGIN invalid credentials or IMAP is disabled sc=pHQZrV3Z0Cg0_2026-04-02-01-17_imap-production-main-808
2026-04-02 04:18:22 +03:00: ❌ IMAP error: LOGIN invalid credentials or IMAP is disabled sc=LIQh8S4UwqM0_2026-04-02-01-18_imap-production-main-82
2026-04-02 04:18:52 +03:00: ❌ IMAP error: LOGIN invalid credentials or IMAP is disabled sc=qIQkEi0k9Cg0_2026-04-02-01-18_imap-production-main-88
2026-04-02 04:19:23 +03:00: ❌ IMAP error: LOGIN invalid credentials or IMAP is disabled sc=NJQEYY3VvSw0_2026-04-02-01-19_imap-production-main-282
2026-04-02 04:19:54 +03:00: ❌ IMAP error: LOGIN invalid credentials or IMAP is disabled sc=rJQh2E5mDmI0_2026-04-02-01-19_imap-production-main-921
2026-04-02 04:20:25 +03:00: ❌ IMAP error: LOGIN invalid credentials or IMAP is disabled sc=OKQr9G0TqGk0_2026-04-02-01-20_imap-production-main-709
2026-04-02 04:20:56 +03:00: ❌ IMAP error: LOGIN invalid credentials or IMAP is disabled sc=tKQ4XV4vNmI0_2026-04-02-01-20_imap-production-main-240
2026-04-02 04:21:27 +03:00: ❌ IMAP error: LOGIN invalid credentials or IMAP is disabled sc=QLQlHK6W0Cg0_2026-04-02-01-21_imap-production-main-79
2026-04-02 04:21:58 +03:00: ❌ IMAP error: LOGIN invalid credentials or IMAP is disabled sc=vLQkYq1VxCg0_2026-04-02-01-21_imap-production-main-418
2026-04-02 04:22:29 +03:00: ❌ IMAP error: LOGIN invalid credentials or IMAP is disabled sc=SMQDcY2XteA0_2026-04-02-01-22_imap-production-main-787
2026-04-02 04:22:57 +03:00: ❌ IMAP error: LOGIN invalid credentials or IMAP is disabled sc=uMQEkU29ZSw0_2026-04-02-01-22_imap-production-main-547
2026-04-02 04:23:07 +03:00: ❌ IMAP error: LOGIN invalid credentials or IMAP is disabled sc=6NQ9T60EemI0_2026-04-02-01-23_imap-production-main-63
2026-04-02 04:23:37 +03:00: ❌ IMAP error: LOGIN invalid credentials or IMAP is disabled sc=bNQeY52UqiE0_2026-04-02-01-23_imap-production-main-71
2026-04-02 04:24:08 +03:00: ❌ IMAP error: LOGIN invalid credentials or IMAP is disabled sc=8OQfSH1mD0U0_2026-04-02-01-24_imap-production-main-97
2026-04-02 04:24:38 +03:00: ❌ IMAP error: LOGIN invalid credentials or IMAP is disabled sc=cOQ1mA3jBmI0_2026-04-02-01-24_imap-production-main-11
2026-04-02 04:25:09 +03:00: ❌ IMAP error: LOGIN invalid credentials or IMAP is disabled sc=9PQV6S4SpeA0_2026-04-02-01-25_imap-production-main-377
2026-04-02 04:25:40 +03:00: ❌ IMAP error: LOGIN invalid credentials or IMAP is disabled sc=dPQX827hBKo0_2026-04-02-01-25_imap-production-main-429
2026-04-02 04:26:10 +03:00: ❌ IMAP error: LOGIN invalid credentials or IMAP is disabled sc=AQQa4O1VrGk0_2026-04-02-01-26_imap-production-main-553
2026-04-02 04:26:41 +03:00: ❌ IMAP error: LOGIN invalid credentials or IMAP is disabled sc=fQQg2L4jBqM0_2026-04-02-01-26_imap-production-main-794
2026-04-02 04:27:12 +03:00: ❌ IMAP error: LOGIN invalid credentials or IMAP is disabled sc=BRQhFX1SrSw0_2026-04-02-01-27_imap-production-main-260
2026-04-02 04:27:43 +03:00: ❌ IMAP error: LOGIN invalid credentials or IMAP is disabled sc=gRQ5X16g70U0_2026-04-02-01-27_imap-production-main-280
2026-04-02 04:28:13 +03:00: ❌ IMAP error: LOGIN invalid credentials or IMAP is disabled sc=DSQmt964RW20_2026-04-02-01-28_imap-production-main-730
2026-04-02 04:28:45 +03:00: ❌ IMAP error: LOGIN invalid credentials or IMAP is disabled sc=jSQcOk2f5Sw0_2026-04-02-01-28_imap-production-main-42
2026-04-02 04:29:16 +03:00: ❌ IMAP error: LOGIN invalid credentials or IMAP is disabled sc=GTQrwQ3RrKo0_2026-04-02-01-29_imap-production-main-72
2026-04-02 04:29:47 +03:00: ❌ IMAP error: LOGIN invalid credentials or IMAP is disabled sc=kTQwww6a2Os0_2026-04-02-01-29_imap-production-main-98
2026-04-02 04:30:18 +03:00: ❌ IMAP error: LOGIN invalid credentials or IMAP is disabled sc=HUQmk77X2Sw0_2026-04-02-01-30_imap-production-main-836
2026-04-02 04:30:48 +03:00: ❌ IMAP error: LOGIN invalid credentials or IMAP is disabled sc=mUQKGx4tL8c0_2026-04-02-01-30_imap-production-main-19
2026-04-02 04:31:19 +03:00: ❌ IMAP error: LOGIN invalid credentials or IMAP is disabled sc=IVQhrx3UruQ0_2026-04-02-01-31_imap-production-main-689
2026-04-02 04:31:50 +03:00: ❌ IMAP error: LOGIN invalid credentials or IMAP is disabled sc=nVQn4R4RsOs0_2026-04-02-01-31_imap-production-main-67
2026-04-02 04:32:20 +03:00: ❌ IMAP error: LOGIN invalid credentials or IMAP is disabled sc=KWQa8c2W0iE0_2026-04-02-01-32_imap-production-main-195
2026-04-02 04:32:51 +03:00: ❌ IMAP error: LOGIN invalid credentials or IMAP is disabled sc=pWQ5NN3Rq4Y0_2026-04-02-01-32_imap-production-main-77
2026-04-02 04:33:22 +03:00: ❌ IMAP error: LOGIN invalid credentials or IMAP is disabled sc=LXQgOK3e4mI0_2026-04-02-01-33_imap-production-main-312
2026-04-02 04:33:53 +03:00: ❌ IMAP error: LOGIN invalid credentials or IMAP is disabled sc=qXQfAP28bmI0_2026-04-02-01-33_imap-production-main-413
2026-04-02 04:34:23 +03:00: ❌ IMAP error: LOGIN invalid credentials or IMAP is disabled sc=NYQ15H3jDeA0_2026-04-02-01-34_imap-production-main-636
2026-04-02 04:34:54 +03:00: ❌ IMAP error: LOGIN invalid credentials or IMAP is disabled sc=sYQhhJ5lDCg0_2026-04-02-01-34_imap-production-main-744
2026-04-02 04:35:25 +03:00: ❌ IMAP error: LOGIN invalid credentials or IMAP is disabled sc=OZQmXw1Cb0U0_2026-04-02-01-35_imap-production-main-26
2026-04-02 04:35:56 +03:00: ❌ IMAP error: LOGIN invalid credentials or IMAP is disabled sc=tZQb298LmOs0_2026-04-02-01-35_imap-production-main-593
2026-04-02 04:36:26 +03:00: ❌ IMAP error: LOGIN invalid credentials or IMAP is disabled sc=QaQggS4oE0U0_2026-04-02-01-36_imap-production-main-53
2026-04-02 04:36:57 +03:00: ❌ IMAP error: LOGIN invalid credentials or IMAP is disabled sc=uaQvco4uOSw0_2026-04-02-01-36_imap-production-main-93
2026-04-02 04:37:28 +03:00: ❌ IMAP error: LOGIN invalid credentials or IMAP is disabled sc=RbQdnl3SrCg0_2026-04-02-01-37_imap-production-main-59
2026-04-02 04:37:59 +03:00: ❌ IMAP error: LOGIN invalid credentials or IMAP is disabled sc=wbQBQH3f78c0_2026-04-02-01-37_imap-production-main-474
2026-04-02 04:38:29 +03:00: ❌ IMAP error: LOGIN invalid credentials or IMAP is disabled sc=TcQcuD6Rq4Y0_2026-04-02-01-38_imap-production-main-43
2026-04-02 04:39:00 +03:00: ❌ IMAP error: LOGIN invalid credentials or IMAP is disabled sc=xcQcdv41PmI0_2026-04-02-01-39_imap-production-main-997
2026-04-02 04:39:31 +03:00: ❌ IMAP error: LOGIN invalid credentials or IMAP is disabled sc=UdQdBN6SuW20_2026-04-02-01-39_imap-production-main-967
2026-04-02 04:40:01 +03:00: ❌ IMAP error: LOGIN invalid credentials or IMAP is disabled sc=1eQVfb3f64Y0_2026-04-02-01-40_imap-production-main-231
2026-04-02 04:40:32 +03:00: ❌ IMAP error: LOGIN invalid credentials or IMAP is disabled sc=WeQBgd3c0uQ0_2026-04-02-01-40_imap-production-main-34
2026-04-02 04:41:03 +03:00: ❌ IMAP error: LOGIN invalid credentials or IMAP is disabled sc=2fQ0XI2b2a60_2026-04-02-01-41_imap-production-main-747
2026-04-02 04:41:33 +03:00: ❌ IMAP error: LOGIN invalid credentials or IMAP is disabled sc=XfQ0f65WsCg0_2026-04-02-01-41_imap-production-main-94
2026-04-02 04:42:04 +03:00: ❌ IMAP error: LOGIN invalid credentials or IMAP is disabled sc=4gQmUj5SruQ0_2026-04-02-01-42_imap-production-main-985
2026-04-02 04:42:35 +03:00: ❌ IMAP error: LOGIN invalid credentials or IMAP is disabled sc=YgQuJl3TsOs0_2026-04-02-01-42_imap-production-main-123
2026-04-02 04:43:06 +03:00: ❌ IMAP error: LOGIN invalid credentials or IMAP is disabled sc=5hQkwr1RoKo0_2026-04-02-01-43_imap-production-main-186
2026-04-02 04:43:36 +03:00: ❌ IMAP error: LOGIN invalid credentials or IMAP is disabled sc=ahQqgV1iD8c0_2026-04-02-01-43_imap-production-main-14
2026-04-02 04:44:07 +03:00: ❌ IMAP error: LOGIN invalid credentials or IMAP is disabled sc=6iQ3Mj5Ssa60_2026-04-02-01-44_imap-production-main-56
2026-04-02 04:44:38 +03:00: ❌ IMAP error: LOGIN invalid credentials or IMAP is disabled sc=biQ9RO4RsqM0_2026-04-02-01-44_imap-production-main-219
2026-04-02 04:45:08 +03:00: ❌ IMAP error: LOGIN invalid credentials or IMAP is disabled sc=8jQAJC0h8mI0_2026-04-02-01-45_imap-production-main-846
2026-04-02 04:45:39 +03:00: ❌ IMAP error: LOGIN invalid credentials or IMAP is disabled sc=cjQDF53h94Y0_2026-04-02-01-45_imap-production-main-40
2026-04-02 04:46:10 +03:00: ❌ IMAP error: LOGIN invalid credentials or IMAP is disabled sc=AkQSd75jAa60_2026-04-02-01-46_imap-production-main-30
2026-04-02 04:46:41 +03:00: ❌ IMAP error: LOGIN invalid credentials or IMAP is disabled sc=ekQMG42UruQ0_2026-04-02-01-46_imap-production-main-151
2026-04-02 04:47:11 +03:00: ❌ IMAP error: LOGIN invalid credentials or IMAP is disabled sc=BlQl502MkGk0_2026-04-02-01-47_imap-production-main-994
2026-04-02 04:47:42 +03:00: ❌ IMAP error: LOGIN invalid credentials or IMAP is disabled sc=glQE6p1RrGk0_2026-04-02-01-47_imap-production-main-19
2026-04-02 04:48:13 +03:00: ❌ IMAP error: LOGIN invalid credentials or IMAP is disabled sc=CmQHt17QqiE0_2026-04-02-01-48_imap-production-main-767
2026-04-02 04:48:44 +03:00: ❌ IMAP error: LOGIN invalid credentials or IMAP is disabled sc=hmQQ2X4sGqM0_2026-04-02-01-48_imap-production-main-772
2026-04-02 04:49:14 +03:00: ❌ IMAP error: LOGIN invalid credentials or IMAP is disabled sc=EnQ2lH3VxGk0_2026-04-02-01-49_imap-production-main-215
2026-04-02 04:49:45 +03:00: ❌ IMAP error: LOGIN invalid credentials or IMAP is disabled sc=jnQxQP6tJW20_2026-04-02-01-49_imap-production-main-224
2026-04-02 04:50:16 +03:00: ❌ IMAP error: LOGIN invalid credentials or IMAP is disabled sc=FoQrOI2lC8c0_2026-04-02-01-50_imap-production-main-86
2026-04-02 04:50:47 +03:00: ❌ IMAP error: LOGIN invalid credentials or IMAP is disabled sc=koQIkv1c2Cg0_2026-04-02-01-50_imap-production-main-921
2026-04-02 04:50:59 +03:00: ❌ IMAP error: LOGIN invalid credentials or IMAP is disabled sc=xoQInc3f5uQ0_2026-04-02-01-50_imap-production-main-231
2026-04-02 04:51:30 +03:00: ❌ IMAP error: LOGIN invalid credentials or IMAP is disabled sc=TpQ8rP8QpW20_2026-04-02-01-51_imap-production-main-405
2026-04-02 04:52:00 +03:00: ❌ IMAP error: LOGIN invalid credentials or IMAP is disabled sc=0qQ8xS29ZKo0_2026-04-02-01-52_imap-production-main-895
2026-04-02 04:52:31 +03:00: ❌ IMAP error: LOGIN invalid credentials or IMAP is disabled sc=VqQHOP7UqKo0_2026-04-02-01-52_imap-production-main-964
2026-04-02 04:53:02 +03:00: ❌ IMAP error: LOGIN invalid credentials or IMAP is disabled sc=1rQfI85jASw0_2026-04-02-01-53_imap-production-main-30
2026-04-02 04:53:33 +03:00: ❌ IMAP error: LOGIN invalid credentials or IMAP is disabled sc=WrQCfA3PpuQ0_2026-04-02-01-53_imap-production-main-444
2026-04-02 04:54:03 +03:00: ❌ IMAP error: LOGIN invalid credentials or IMAP is disabled sc=3sQWIi0mCuQ0_2026-04-02-01-54_imap-production-main-13
2026-04-02 04:54:34 +03:00: ❌ IMAP error: LOGIN invalid credentials or IMAP is disabled sc=YsQ6oN8a0a60_2026-04-02-01-54_imap-production-main-67
2026-04-02 04:55:05 +03:00: ❌ IMAP error: LOGIN invalid credentials or IMAP is disabled sc=4tQjVF6RteA0_2026-04-02-01-55_imap-production-main-43
2026-04-02 04:55:35 +03:00: ❌ IMAP error: LOGIN invalid credentials or IMAP is disabled sc=ZtQmbi4AaKo0_2026-04-02-01-55_imap-production-main-55
2026-04-02 04:56:06 +03:00: ❌ IMAP error: LOGIN invalid credentials or IMAP is disabled sc=5uQJMi2RsqM0_2026-04-02-01-56_imap-production-main-836
2026-04-02 04:56:37 +03:00: ❌ IMAP error: LOGIN invalid credentials or IMAP is disabled sc=auQBv14Rqa60_2026-04-02-01-56_imap-production-main-56
2026-04-02 04:57:07 +03:00: ❌ IMAP error: LOGIN invalid credentials or IMAP is disabled sc=7vQjiE4jBeA0_2026-04-02-01-57_imap-production-main-81
2026-04-02 04:57:38 +03:00: ❌ IMAP error: LOGIN invalid credentials or IMAP is disabled sc=cvQgtn5b0Sw0_2026-04-02-01-57_imap-production-main-432
2026-04-02 04:58:09 +03:00: ❌ IMAP error: LOGIN invalid credentials or IMAP is disabled sc=8wQkJ24Ut0U0_2026-04-02-01-58_imap-production-main-689
2026-04-02 04:58:40 +03:00: ❌ IMAP error: LOGIN invalid credentials or IMAP is disabled sc=dwQeXC3nEOs0_2026-04-02-01-58_imap-production-main-601
2026-04-02 04:59:10 +03:00: ❌ IMAP error: LOGIN invalid credentials or IMAP is disabled sc=AxQJlQ2SrOs0_2026-04-02-01-59_imap-production-main-443
2026-04-02 04:59:42 +03:00: ❌ IMAP error: LOGIN invalid credentials or IMAP is disabled sc=fxQrsm6Y0Os0_2026-04-02-01-59_imap-production-main-384
2026-04-02 05:00:12 +03:00: ❌ IMAP error: LOGIN invalid credentials or IMAP is disabled sc=C0Rsae3wNCg0_2026-04-02-02-00_imap-production-main-247
2026-04-02 05:00:43 +03:00: ❌ IMAP error: LOGIN invalid credentials or IMAP is disabled sc=g0R6NR2UumI0_2026-04-02-02-00_imap-production-main-13
2026-04-02 05:01:14 +03:00: ❌ IMAP error: LOGIN invalid credentials or IMAP is disabled sc=D1RAsk1St0U0_2026-04-02-02-01_imap-production-main-80
2026-04-02 05:01:44 +03:00: ❌ IMAP error: LOGIN invalid credentials or IMAP is disabled sc=i1R0CE2WuSw0_2026-04-02-02-01_imap-production-main-605
2026-04-02 05:02:15 +03:00: ❌ IMAP error: LOGIN invalid credentials or IMAP is disabled sc=E2RxTN2XwqM0_2026-04-02-02-02_imap-production-main-23
2026-04-02 05:02:46 +03:00: ❌ IMAP error: LOGIN invalid credentials or IMAP is disabled sc=j2RtrW2i9Ko0_2026-04-02-02-02_imap-production-main-995
2026-04-02 05:03:16 +03:00: ❌ IMAP error: LOGIN invalid credentials or IMAP is disabled sc=G3RiZL4RsOs0_2026-04-02-02-03_imap-production-main-272
2026-04-02 05:03:47 +03:00: ❌ IMAP error: LOGIN invalid credentials or IMAP is disabled sc=l3RrKl5SuSw0_2026-04-02-02-03_imap-production-main-56
2026-04-02 05:04:18 +03:00: ❌ IMAP error: LOGIN invalid credentials or IMAP is disabled sc=H4RNiq66VSw0_2026-04-02-02-04_imap-production-main-929
2026-04-02 05:04:48 +03:00: ❌ IMAP error: LOGIN invalid credentials or IMAP is disabled sc=m4RnP64Y0Os0_2026-04-02-02-04_imap-production-main-948
2026-04-02 05:05:19 +03:00: ❌ IMAP error: LOGIN invalid credentials or IMAP is disabled sc=J5RIht1Zv8c0_2026-04-02-02-05_imap-production-main-496
2026-04-02 05:05:50 +03:00: ❌ IMAP error: LOGIN invalid credentials or IMAP is disabled sc=n5RerX1TtSw0_2026-04-02-02-05_imap-production-main-830
2026-04-02 05:06:20 +03:00: ❌ IMAP error: LOGIN invalid credentials or IMAP is disabled sc=K6RfEw6tIqM0_2026-04-02-02-06_imap-production-main-762
2026-04-02 05:06:51 +03:00: ❌ IMAP error: LOGIN invalid credentials or IMAP is disabled sc=p6RSKF00Qa60_2026-04-02-02-06_imap-production-main-145
2026-04-02 05:07:22 +03:00: ❌ IMAP error: LOGIN invalid credentials or IMAP is disabled sc=L7RiGA5j84Y0_2026-04-02-02-07_imap-production-main-469
2026-04-02 05:07:53 +03:00: ❌ IMAP error: LOGIN invalid credentials or IMAP is disabled sc=r7Rjri2SuOs0_2026-04-02-02-07_imap-production-main-737
2026-04-02 05:08:24 +03:00: ❌ IMAP error: LOGIN invalid credentials or IMAP is disabled sc=N8Rwk11uI0U0_2026-04-02-02-08_imap-production-main-974
2026-04-02 05:08:55 +03:00: ❌ IMAP error: LOGIN invalid credentials or IMAP is disabled sc=s8RohZ1RsGk0_2026-04-02-02-08_imap-production-main-103
2026-04-02 05:09:25 +03:00: ❌ IMAP error: LOGIN invalid credentials or IMAP is disabled sc=P9RkE53QqCg0_2026-04-02-02-09_imap-production-main-529
2026-04-02 05:09:56 +03:00: ❌ IMAP error: LOGIN invalid credentials or IMAP is disabled sc=t9R42W3g8Os0_2026-04-02-02-09_imap-production-main-17
2026-04-02 05:10:27 +03:00: ❌ IMAP error: LOGIN invalid credentials or IMAP is disabled sc=QARoPP7lCiE0_2026-04-02-02-10_imap-production-main-340
2026-04-02 05:10:57 +03:00: ❌ IMAP error: LOGIN invalid credentials or IMAP is disabled sc=vARrTo1RtOs0_2026-04-02-02-10_imap-production-main-86
2026-04-02 05:11:28 +03:00: ❌ IMAP error: LOGIN invalid credentials or IMAP is disabled sc=SBR78A4Ts8c0_2026-04-02-02-11_imap-production-main-320
2026-04-02 05:11:59 +03:00: ❌ IMAP error: LOGIN invalid credentials or IMAP is disabled sc=wBRsWK55R0U0_2026-04-02-02-11_imap-production-main-43
2026-04-02 05:13:16 +03:00: ❌ IMAP error: Timed out while connecting to server
2026-04-02 20:59:36 +03:00: ❌ IMAP error: LOGIN invalid credentials or IMAP is disabled sc=axgABW0V0iE0_2026-04-02-17-59_imap-production-main-63
2026-04-02 21:00:06 +03:00: ❌ IMAP error: LOGIN invalid credentials or IMAP is disabled sc=60h5bx17WqM0_2026-04-02-18-00_imap-production-main-671
2026-04-02 21:00:36 +03:00: ❌ IMAP error: LOGIN invalid credentials or IMAP is disabled sc=a0hFvB6b0eA0_2026-04-02-18-00_imap-production-main-338
2026-04-02 21:01:06 +03:00: ❌ IMAP error: LOGIN invalid credentials or IMAP is disabled sc=61h05P7Y1W20_2026-04-02-18-01_imap-production-main-948
2026-04-02 21:01:37 +03:00: ❌ IMAP error: LOGIN invalid credentials or IMAP is disabled sc=a1hjgB8RqKo0_2026-04-02-18-01_imap-production-main-130
2026-04-02 21:02:07 +03:00: ❌ IMAP error: LOGIN invalid credentials or IMAP is disabled sc=72hBlJ8kE8c0_2026-04-02-18-02_imap-production-main-358
2026-04-02 21:02:37 +03:00: ❌ IMAP error: LOGIN invalid credentials or IMAP is disabled sc=b2hAcC0Tta60_2026-04-02-18-02_imap-production-main-539
2026-04-02 21:03:07 +03:00: ❌ IMAP error: LOGIN invalid credentials or IMAP is disabled sc=73h1En9Z34Y0_2026-04-02-18-03_imap-production-main-862
2026-04-02 21:03:37 +03:00: ❌ IMAP error: LOGIN invalid credentials or IMAP is disabled sc=b3hZBr4i8iE0_2026-04-02-18-03_imap-production-main-245
2026-04-02 21:04:07 +03:00: ❌ IMAP error: LOGIN invalid credentials or IMAP is disabled sc=74hvXv7k8mI0_2026-04-02-18-04_imap-production-main-44
2026-04-02 21:04:38 +03:00: ❌ IMAP error: LOGIN invalid credentials or IMAP is disabled sc=b4hnCj4WxmI0_2026-04-02-18-04_imap-production-main-56
2026-04-02 21:05:08 +03:00: ❌ IMAP error: LOGIN invalid credentials or IMAP is disabled sc=85hsSc4Y0Cg0_2026-04-02-18-05_imap-production-main-783
2026-04-02 21:05:38 +03:00: ❌ IMAP error: LOGIN invalid credentials or IMAP is disabled sc=c5h3nI8tJeA0_2026-04-02-18-05_imap-production-main-213
2026-04-02 21:06:08 +03:00: ❌ IMAP error: LOGIN invalid credentials or IMAP is disabled sc=86hBvP2Su8c0_2026-04-02-18-06_imap-production-main-594
2026-04-02 21:06:38 +03:00: ❌ IMAP error: LOGIN invalid credentials or IMAP is disabled sc=c6hTD01mDeA0_2026-04-02-18-06_imap-production-main-745
2026-04-02 21:07:08 +03:00: ❌ IMAP error: LOGIN invalid credentials or IMAP is disabled sc=87h6Wk0jAOs0_2026-04-02-18-07_imap-production-main-10
2026-04-02 21:07:39 +03:00: ❌ IMAP error: LOGIN invalid credentials or IMAP is disabled sc=c7hIHu1RreA0_2026-04-02-18-07_imap-production-main-133
2026-04-02 21:08:09 +03:00: ❌ IMAP error: LOGIN invalid credentials or IMAP is disabled sc=98hGFW7VuiE0_2026-04-02-18-08_imap-production-main-183
2026-04-02 21:08:39 +03:00: ❌ IMAP error: LOGIN invalid credentials or IMAP is disabled sc=d8hQk51FemI0_2026-04-02-18-08_imap-production-main-722
2026-04-02 21:09:09 +03:00: ❌ IMAP error: LOGIN invalid credentials or IMAP is disabled sc=99hRbN5Qr4Y0_2026-04-02-18-09_imap-production-main-473
2026-04-02 21:09:39 +03:00: ❌ IMAP error: LOGIN invalid credentials or IMAP is disabled sc=d9hMro1Sr8c0_2026-04-02-18-09_imap-production-main-40
2026-04-02 21:10:09 +03:00: ❌ IMAP error: LOGIN invalid credentials or IMAP is disabled sc=9AhtNp0kDSw0_2026-04-02-18-10_imap-production-main-767
2026-04-02 21:10:40 +03:00: ❌ IMAP error: LOGIN invalid credentials or IMAP is disabled sc=dAhnwd1TtCg0_2026-04-02-18-10_imap-production-main-120
2026-04-02 21:11:10 +03:00: ❌ IMAP error: LOGIN invalid credentials or IMAP is disabled sc=ABhkiZ2UtSw0_2026-04-02-18-11_imap-production-main-34
2026-04-02 21:11:40 +03:00: ❌ IMAP error: LOGIN invalid credentials or IMAP is disabled sc=eBhERU3BYOs0_2026-04-02-18-11_imap-production-main-79
2026-04-02 21:12:10 +03:00: ❌ IMAP error: LOGIN invalid credentials or IMAP is disabled sc=AChkPs2c3Sw0_2026-04-02-18-12_imap-production-main-669
2026-04-02 21:12:40 +03:00: ❌ IMAP error: LOGIN invalid credentials or IMAP is disabled sc=eChH4v1mCqM0_2026-04-02-18-12_imap-production-main-201
2026-04-02 21:13:10 +03:00: ❌ IMAP error: LOGIN invalid credentials or IMAP is disabled sc=ADhPaK5VxKo0_2026-04-02-18-13_imap-production-main-418
2026-04-02 21:13:41 +03:00: ❌ IMAP error: LOGIN invalid credentials or IMAP is disabled sc=eDhAM67RrmI0_2026-04-02-18-13_imap-production-main-92
2026-04-02 21:14:11 +03:00: ❌ IMAP error: LOGIN invalid credentials or IMAP is disabled sc=BEhCBQ0vNSw0_2026-04-02-18-14_imap-production-main-499
2026-04-02 21:14:41 +03:00: ❌ IMAP error: LOGIN invalid credentials or IMAP is disabled sc=fEhclq1hBCg0_2026-04-02-18-14_imap-production-main-836
2026-04-02 21:15:11 +03:00: ❌ IMAP error: LOGIN invalid credentials or IMAP is disabled sc=BFhLTc1LkeA0_2026-04-02-18-15_imap-production-main-921
2026-04-02 21:15:41 +03:00: ❌ IMAP error: LOGIN invalid credentials or IMAP is disabled sc=fFhXIdBaxeA0_2026-04-02-18-15_imap-production-main-62
2026-04-02 21:16:12 +03:00: ❌ IMAP error: LOGIN invalid credentials or IMAP is disabled sc=BGheNf0hAW20_2026-04-02-18-16_imap-production-main-665
2026-04-02 21:16:42 +03:00: ❌ IMAP error: LOGIN invalid credentials or IMAP is disabled sc=gGhAhJ9SuOs0_2026-04-02-18-16_imap-production-main-82
2026-04-02 21:17:12 +03:00: ❌ IMAP error: LOGIN invalid credentials or IMAP is disabled sc=CHhtmd1UuqM0_2026-04-02-18-17_imap-production-main-553
2026-04-02 21:17:12 +03:00: [TG Notify] ❌ Failed to 1034074077: EFATAL: Error: ESOCKETTIMEDOUT
2026-04-02 21:17:42 +03:00: ❌ IMAP error: LOGIN invalid credentials or IMAP is disabled sc=gHh8ew1Sq0U0_2026-04-02-18-17_imap-production-main-123
2026-04-02 21:18:12 +03:00: ❌ IMAP error: LOGIN invalid credentials or IMAP is disabled sc=CIhGAj0YxW20_2026-04-02-18-18_imap-production-main-429
2026-04-02 21:18:42 +03:00: ❌ IMAP error: LOGIN invalid credentials or IMAP is disabled sc=gIhMvmBlDuQ0_2026-04-02-18-18_imap-production-main-30
2026-04-02 21:19:13 +03:00: ❌ IMAP error: LOGIN invalid credentials or IMAP is disabled sc=CJhHJYAX2Sw0_2026-04-02-18-19_imap-production-main-29
2026-04-02 21:19:43 +03:00: ❌ IMAP error: LOGIN invalid credentials or IMAP is disabled sc=hJhCbq46UW20_2026-04-02-18-19_imap-production-main-41
2026-04-02 21:20:13 +03:00: ❌ IMAP error: LOGIN invalid credentials or IMAP is disabled sc=DKhFBS7UsCg0_2026-04-02-18-20_imap-production-main-453
2026-04-02 21:20:43 +03:00: ❌ IMAP error: LOGIN invalid credentials or IMAP is disabled sc=hKh8r14GfW20_2026-04-02-18-20_imap-production-main-195
2026-04-02 21:21:13 +03:00: ❌ IMAP error: LOGIN invalid credentials or IMAP is disabled sc=DLhG9D2Uv0U0_2026-04-02-18-21_imap-production-main-840
2026-04-02 21:21:43 +03:00: ❌ IMAP error: LOGIN invalid credentials or IMAP is disabled sc=hLhjGV25WmI0_2026-04-02-18-21_imap-production-main-67
2026-04-02 21:22:14 +03:00: ❌ IMAP error: LOGIN invalid credentials or IMAP is disabled sc=EMhpjn9Rs8c0_2026-04-02-18-22_imap-production-main-73
2026-04-02 21:22:44 +03:00: ❌ IMAP error: LOGIN invalid credentials or IMAP is disabled sc=iMhIH80RqKo0_2026-04-02-18-22_imap-production-main-645
2026-04-02 21:23:14 +03:00: ❌ IMAP error: LOGIN invalid credentials or IMAP is disabled sc=ENhJ2i0pEOs0_2026-04-02-18-23_imap-production-main-103
2026-04-02 21:23:44 +03:00: ❌ IMAP error: LOGIN invalid credentials or IMAP is disabled sc=iNhqXK6a2Ko0_2026-04-02-18-23_imap-production-main-903
2026-04-02 21:24:14 +03:00: ❌ IMAP error: LOGIN invalid credentials or IMAP is disabled sc=EOhQCg8jAGk0_2026-04-02-18-24_imap-production-main-16
2026-04-02 21:24:45 +03:00: ❌ IMAP error: LOGIN invalid credentials or IMAP is disabled sc=iOhWn11Y1mI0_2026-04-02-18-24_imap-production-main-384
2026-04-02 21:25:15 +03:00: ❌ IMAP error: LOGIN invalid credentials or IMAP is disabled sc=FPhemr9StCg0_2026-04-02-18-25_imap-production-main-21
2026-04-02 21:25:45 +03:00: ❌ IMAP error: LOGIN invalid credentials or IMAP is disabled sc=jPhIlw2Lj0U0_2026-04-02-18-25_imap-production-main-737
2026-04-02 21:26:15 +03:00: ❌ IMAP error: LOGIN invalid credentials or IMAP is disabled sc=FQhaQm1wOqM0_2026-04-02-18-26_imap-production-main-848
2026-04-02 21:26:45 +03:00: ❌ IMAP error: LOGIN invalid credentials or IMAP is disabled sc=jQhEBM4pFa60_2026-04-02-18-26_imap-production-main-848
2026-04-02 21:27:15 +03:00: ❌ IMAP error: LOGIN invalid credentials or IMAP is disabled sc=FRhpqf5NmiE0_2026-04-02-18-27_imap-production-main-665
2026-04-02 21:27:45 +03:00: ❌ IMAP error: LOGIN invalid credentials or IMAP is disabled sc=jRhj3F0jA8c0_2026-04-02-18-27_imap-production-main-33
2026-04-02 21:28:16 +03:00: ❌ IMAP error: LOGIN invalid credentials or IMAP is disabled sc=GShlOk4TqGk0_2026-04-02-18-28_imap-production-main-892
2026-04-02 21:28:46 +03:00: ❌ IMAP error: LOGIN invalid credentials or IMAP is disabled sc=kSheWv4jA4Y0_2026-04-02-18-28_imap-production-main-418
2026-04-02 21:29:16 +03:00: ❌ IMAP error: LOGIN invalid credentials or IMAP is disabled sc=GThBm69h8Gk0_2026-04-02-18-29_imap-production-main-607
2026-04-02 21:29:46 +03:00: ❌ IMAP error: LOGIN invalid credentials or IMAP is disabled sc=kThUHu1Wva60_2026-04-02-18-29_imap-production-main-16
2026-04-02 21:30:16 +03:00: ❌ IMAP error: LOGIN invalid credentials or IMAP is disabled sc=GUhrvkARqqM0_2026-04-02-18-30_imap-production-main-680
2026-04-02 21:30:47 +03:00: ❌ IMAP error: LOGIN invalid credentials or IMAP is disabled sc=lUhmx11X1iE0_2026-04-02-18-30_imap-production-main-347
2026-04-02 21:31:17 +03:00: ❌ IMAP error: LOGIN invalid credentials or IMAP is disabled sc=HVhmEZ3sIeA0_2026-04-02-18-31_imap-production-main-151
2026-04-02 21:31:47 +03:00: ❌ IMAP error: LOGIN invalid credentials or IMAP is disabled sc=lVh3sv5uOiE0_2026-04-02-18-31_imap-production-main-866
2026-04-02 21:32:17 +03:00: ❌ IMAP error: LOGIN invalid credentials or IMAP is disabled sc=HWhbPg0mDmI0_2026-04-02-18-32_imap-production-main-411
2026-04-02 21:32:47 +03:00: ❌ IMAP error: LOGIN invalid credentials or IMAP is disabled sc=lWhWOs0TqiE0_2026-04-02-18-32_imap-production-main-618
2026-04-02 21:33:17 +03:00: ❌ IMAP error: LOGIN invalid credentials or IMAP is disabled sc=HXhMwo1W0iE0_2026-04-02-18-33_imap-production-main-73
2026-04-02 21:33:48 +03:00: ❌ IMAP error: LOGIN invalid credentials or IMAP is disabled sc=lXh8IF4Yx0U0_2026-04-02-18-33_imap-production-main-73
2026-04-02 21:34:18 +03:00: ❌ IMAP error: LOGIN invalid credentials or IMAP is disabled sc=IYhgQH1Uua60_2026-04-02-18-34_imap-production-main-849
2026-04-02 21:34:48 +03:00: ❌ IMAP error: LOGIN invalid credentials or IMAP is disabled sc=mYhra77TvW20_2026-04-02-18-34_imap-production-main-606
2026-04-02 21:35:18 +03:00: ❌ IMAP error: LOGIN invalid credentials or IMAP is disabled sc=IZhdin4h9Sw0_2026-04-02-18-35_imap-production-main-166
2026-04-02 21:35:49 +03:00: ❌ IMAP error: LOGIN invalid credentials or IMAP is disabled sc=nZhnwh1jCW20_2026-04-02-18-35_imap-production-main-539
2026-04-02 21:36:20 +03:00: ❌ IMAP error: LOGIN invalid credentials or IMAP is disabled sc=JahCw48k8Sw0_2026-04-02-18-36_imap-production-main-44
2026-04-02 21:36:50 +03:00: ❌ IMAP error: LOGIN invalid credentials or IMAP is disabled sc=oahGs05bxmI0_2026-04-02-18-36_imap-production-main-149
2026-04-02 21:37:20 +03:00: ❌ IMAP error: LOGIN invalid credentials or IMAP is disabled sc=KbhbG13ZxW20_2026-04-02-18-37_imap-production-main-755
2026-04-02 21:37:50 +03:00: ❌ IMAP error: LOGIN invalid credentials or IMAP is disabled sc=obhREC7Rr8c0_2026-04-02-18-37_imap-production-main-92
2026-04-02 21:38:20 +03:00: ❌ IMAP error: LOGIN invalid credentials or IMAP is disabled sc=KchoWD6kEGk0_2026-04-02-18-38_imap-production-main-883
2026-04-02 21:38:50 +03:00: ❌ IMAP error: LOGIN invalid credentials or IMAP is disabled sc=ochiOU5c0qM0_2026-04-02-18-38_imap-production-main-61
2026-04-02 21:39:21 +03:00: ❌ IMAP error: LOGIN invalid credentials or IMAP is disabled sc=Kdh9aY8RqSw0_2026-04-02-18-39_imap-production-main-913
2026-04-02 21:39:51 +03:00: ❌ IMAP error: LOGIN invalid credentials or IMAP is disabled sc=pdhY2u7vNCg0_2026-04-02-18-39_imap-production-main-347
2026-04-02 21:40:21 +03:00: ❌ IMAP error: LOGIN invalid credentials or IMAP is disabled sc=Leh85w4Z38c0_2026-04-02-18-40_5tu6qj3tlk2
2026-04-02 21:40:51 +03:00: ❌ IMAP error: LOGIN invalid credentials or IMAP is disabled sc=peho5b8a3Os0_2026-04-02-18-40_imap-production-main-23
2026-04-02 21:41:21 +03:00: ❌ IMAP error: LOGIN invalid credentials or IMAP is disabled sc=LfhnQ08HhCg0_2026-04-02-18-41_imap-production-main-61
2026-04-02 21:41:52 +03:00: ❌ IMAP error: LOGIN invalid credentials or IMAP is disabled sc=pfhkTe5UtGk0_2026-04-02-18-41_imap-production-main-151
2026-04-02 21:42:22 +03:00: ❌ IMAP error: LOGIN invalid credentials or IMAP is disabled sc=MghMMP0FcCg0_2026-04-02-18-42_imap-production-main-685
2026-04-02 21:42:52 +03:00: ❌ IMAP error: LOGIN invalid credentials or IMAP is disabled sc=qghBvx4a1qM0_2026-04-02-18-42_imap-production-main-469
2026-04-02 21:43:22 +03:00: ❌ IMAP error: LOGIN invalid credentials or IMAP is disabled sc=MhhwC32jD8c0_2026-04-02-18-43_imap-production-main-14
2026-04-02 21:43:52 +03:00: ❌ IMAP error: LOGIN invalid credentials or IMAP is disabled sc=qhhp3w9tK0U0_2026-04-02-18-43_imap-production-main-720
2026-04-02 21:44:22 +03:00: ❌ IMAP error: LOGIN invalid credentials or IMAP is disabled sc=MihHDF9Sq4Y0_2026-04-02-18-44_imap-production-main-229
2026-04-02 21:44:53 +03:00: ❌ IMAP error: LOGIN invalid credentials or IMAP is disabled sc=qihwwS0Tr0U0_2026-04-02-18-44_imap-production-main-692
2026-04-02 21:45:23 +03:00: ❌ IMAP error: LOGIN invalid credentials or IMAP is disabled sc=NjhTMq0jCuQ0_2026-04-02-18-45_imap-production-main-312
2026-04-02 21:45:53 +03:00: ❌ IMAP error: LOGIN invalid credentials or IMAP is disabled sc=rjhw6h1pG4Y0_2026-04-02-18-45_imap-production-main-128
2026-04-02 21:46:23 +03:00: ❌ IMAP error: LOGIN invalid credentials or IMAP is disabled sc=NkhkHc6vKeA0_2026-04-02-18-46_imap-production-main-922
2026-04-02 21:46:53 +03:00: ❌ IMAP error: LOGIN invalid credentials or IMAP is disabled sc=rkhh968Rr4Y0_2026-04-02-18-46_imap-production-main-228
2026-04-02 21:47:23 +03:00: ❌ IMAP error: LOGIN invalid credentials or IMAP is disabled sc=Nlh3H10UweA0_2026-04-02-18-47_imap-production-main-338
2026-04-02 21:47:54 +03:00: ❌ IMAP error: LOGIN invalid credentials or IMAP is disabled sc=slheYL0g7iE0_2026-04-02-18-47_imap-production-main-72
2026-04-02 21:48:24 +03:00: ❌ IMAP error: LOGIN invalid credentials or IMAP is disabled sc=OmhgS47Ws0U0_2026-04-02-18-48_imap-production-main-236
2026-04-02 21:48:54 +03:00: ❌ IMAP error: LOGIN invalid credentials or IMAP is disabled sc=smh9kc6vJKo0_2026-04-02-18-48_imap-production-main-922
2026-04-02 21:49:24 +03:00: ❌ IMAP error: LOGIN invalid credentials or IMAP is disabled sc=Onhjkf5UtOs0_2026-04-02-18-49_imap-production-main-151
2026-04-02 21:49:55 +03:00: ❌ IMAP error: LOGIN invalid credentials or IMAP is disabled sc=tnhXQA8UweA0_2026-04-02-18-49_imap-production-main-489
2026-04-02 21:50:25 +03:00: ❌ IMAP error: LOGIN invalid credentials or IMAP is disabled sc=PohTtR6nBqM0_2026-04-02-18-50_imap-production-main-54
2026-04-02 21:50:55 +03:00: ❌ IMAP error: LOGIN invalid credentials or IMAP is disabled sc=tohUwA6W08c0_2026-04-02-18-50_imap-production-main-195
2026-04-02 21:51:25 +03:00: ❌ IMAP error: LOGIN invalid credentials or IMAP is disabled sc=Pphgnr7d3uQ0_2026-04-02-18-51_imap-production-main-22
2026-04-02 21:51:55 +03:00: ❌ IMAP error: LOGIN invalid credentials or IMAP is disabled sc=tphi7c2Y0iE0_2026-04-02-18-51_imap-production-main-884
2026-04-02 21:52:25 +03:00: ❌ IMAP error: LOGIN invalid credentials or IMAP is disabled sc=PqhtQx4b0Os0_2026-04-02-18-52_imap-production-main-636
2026-04-02 21:52:56 +03:00: ❌ IMAP error: LOGIN invalid credentials or IMAP is disabled sc=uqh6Fi2UtGk0_2026-04-02-18-52_imap-production-main-34
2026-04-02 21:53:26 +03:00: ❌ IMAP error: LOGIN invalid credentials or IMAP is disabled sc=QrhikK1UsmI0_2026-04-02-18-53_imap-production-main-849
2026-04-02 21:53:56 +03:00: ❌ IMAP error: LOGIN invalid credentials or IMAP is disabled sc=urhI1A0WwqM0_2026-04-02-18-53_imap-production-main-68
2026-04-02 21:54:26 +03:00: ❌ IMAP error: LOGIN invalid credentials or IMAP is disabled sc=QshEGa6Ro8c0_2026-04-02-18-54_imap-production-main-954
2026-04-02 21:54:56 +03:00: ❌ IMAP error: LOGIN invalid credentials or IMAP is disabled sc=ushkC12Wu8c0_2026-04-02-18-54_imap-production-main-16
2026-04-02 21:55:27 +03:00: ❌ IMAP error: LOGIN invalid credentials or IMAP is disabled sc=Rthds08HfSw0_2026-04-02-18-55_imap-production-main-95
2026-04-02 21:55:57 +03:00: ❌ IMAP error: LOGIN invalid credentials or IMAP is disabled sc=vthsS21QqeA0_2026-04-02-18-55_imap-production-main-982
2026-04-02 21:56:27 +03:00: ❌ IMAP error: LOGIN invalid credentials or IMAP is disabled sc=Ruhf031TtW20_2026-04-02-18-56_imap-production-main-65
2026-04-02 21:56:57 +03:00: ❌ IMAP error: LOGIN invalid credentials or IMAP is disabled sc=vuhM1Y5c1Sw0_2026-04-02-18-56_imap-production-main-61
2026-04-02 21:57:27 +03:00: ❌ IMAP error: LOGIN invalid credentials or IMAP is disabled sc=RvhGh43c2qM0_2026-04-02-18-57_imap-production-main-669
2026-04-02 21:57:58 +03:00: ❌ IMAP error: LOGIN invalid credentials or IMAP is disabled sc=vvh8tM7jBKo0_2026-04-02-18-57_imap-production-main-335
2026-04-02 21:58:28 +03:00: ❌ IMAP error: LOGIN invalid credentials or IMAP is disabled sc=SwhIW37RsGk0_2026-04-02-18-58_imap-production-main-32
2026-04-02 21:58:58 +03:00: ❌ IMAP error: LOGIN invalid credentials or IMAP is disabled sc=wwhKWn4GcqM0_2026-04-02-18-58_imap-production-main-84
2026-04-02 21:59:28 +03:00: ❌ IMAP error: LOGIN invalid credentials or IMAP is disabled sc=SxhoeM41PGk0_2026-04-02-18-59_imap-production-main-792
2026-04-02 21:59:59 +03:00: ❌ IMAP error: LOGIN invalid credentials or IMAP is disabled sc=wxh1sS9Kl4Y0_2026-04-02-18-59_imap-production-main-245
2026-04-02 22:00:29 +03:00: ❌ IMAP error: LOGIN invalid credentials or IMAP is disabled sc=T0ignJ8Qr8c0_2026-04-02-19-00_imap-production-main-75
2026-04-02 22:00:59 +03:00: ❌ IMAP error: LOGIN invalid credentials or IMAP is disabled sc=x0iAx41Om4Y0_2026-04-02-19-00_imap-production-main-802
2026-04-02 22:01:29 +03:00: ❌ IMAP error: LOGIN invalid credentials or IMAP is disabled sc=T1ibIn2xQOs0_2026-04-02-19-01_imap-production-main-343
2026-04-02 22:01:59 +03:00: ❌ IMAP error: LOGIN invalid credentials or IMAP is disabled sc=x1iLAF4aweA0_2026-04-02-19-01_imap-production-main-431
2026-04-02 22:02:30 +03:00: ❌ IMAP error: LOGIN invalid credentials or IMAP is disabled sc=T2iBaT1KjW20_2026-04-02-19-02_imap-production-main-61
2026-04-02 22:03:00 +03:00: ❌ IMAP error: LOGIN invalid credentials or IMAP is disabled sc=03iwZN0UrCg0_2026-04-02-19-03_imap-production-main-45
2026-04-02 22:03:30 +03:00: ❌ IMAP error: LOGIN invalid credentials or IMAP is disabled sc=U3ixSi3nDmI0_2026-04-02-19-03_imap-production-main-74
2026-04-02 22:04:00 +03:00: ❌ IMAP error: LOGIN invalid credentials or IMAP is disabled sc=04iY1N4WvOs0_2026-04-02-19-04_imap-production-main-355
2026-04-02 22:04:30 +03:00: ❌ IMAP error: LOGIN invalid credentials or IMAP is disabled sc=U4iOwu7VtOs0_2026-04-02-19-04_imap-production-main-96
2026-04-02 22:05:01 +03:00: ❌ IMAP error: LOGIN invalid credentials or IMAP is disabled sc=05i3qXBkBGk0_2026-04-02-19-05_imap-production-main-138
2026-04-02 22:05:31 +03:00: ❌ IMAP error: LOGIN invalid credentials or IMAP is disabled sc=V5i7DS1i8Cg0_2026-04-02-19-05_imap-production-main-910
2026-04-02 22:06:01 +03:00: ❌ IMAP error: LOGIN invalid credentials or IMAP is disabled sc=16igd50Uv4Y0_2026-04-02-19-06_imap-production-main-338
2026-04-02 22:06:31 +03:00: ❌ IMAP error: LOGIN invalid credentials or IMAP is disabled sc=V6i1S21i9eA0_2026-04-02-19-06_imap-production-main-916
2026-04-02 22:07:01 +03:00: ❌ IMAP error: LOGIN invalid credentials or IMAP is disabled sc=17iAU5CAXKo0_2026-04-02-19-07_imap-production-main-987
2026-04-02 22:07:31 +03:00: ❌ IMAP error: LOGIN invalid credentials or IMAP is disabled sc=V7imBl2BaOs0_2026-04-02-19-07_imap-production-main-60
2026-04-02 22:08:02 +03:00: ❌ IMAP error: LOGIN invalid credentials or IMAP is disabled sc=28i90B2lDuQ0_2026-04-02-19-08_imap-production-main-33
2026-04-02 22:08:32 +03:00: ❌ IMAP error: LOGIN invalid credentials or IMAP is disabled sc=W8ikv4DUvCg0_2026-04-02-19-08_imap-production-main-820
2026-04-02 22:09:02 +03:00: ❌ IMAP error: LOGIN invalid credentials or IMAP is disabled sc=29iwkT6UteA0_2026-04-02-19-09_imap-production-main-389
2026-04-02 22:09:32 +03:00: ❌ IMAP error: LOGIN invalid credentials or IMAP is disabled sc=W9iZoO7jCSw0_2026-04-02-19-09_imap-production-main-871
2026-04-02 22:10:02 +03:00: ❌ IMAP error: LOGIN invalid credentials or IMAP is disabled sc=2AiU9cAX00U0_2026-04-02-19-10_imap-production-main-809
2026-04-02 22:10:34 +03:00: ❌ IMAP error: LOGIN invalid credentials or IMAP is disabled sc=YAi72N1mEmI0_2026-04-02-19-10_imap-production-main-996
2026-04-02 22:11:20 +03:00: ❌ IMAP error: LOGIN invalid credentials or IMAP is disabled sc=IBiOmu3d1Cg0_2026-04-02-19-11_imap-production-main-589
2026-04-02 22:11:50 +03:00: ❌ IMAP error: LOGIN invalid credentials or IMAP is disabled sc=oBishM7rFmI0_2026-04-02-19-11_imap-production-main-65
2026-04-02 22:12:20 +03:00: ❌ IMAP error: LOGIN invalid credentials or IMAP is disabled sc=KCimMP1Tsa60_2026-04-02-19-12_imap-production-main-186
2026-04-02 22:12:50 +03:00: ❌ IMAP error: LOGIN invalid credentials or IMAP is disabled sc=oCiCtS1Rp4Y0_2026-04-02-19-12_imap-production-main-378
2026-04-02 22:13:20 +03:00: ❌ IMAP error: LOGIN invalid credentials or IMAP is disabled sc=KDiB7L23UOs0_2026-04-02-19-13_imap-production-main-413
2026-04-02 22:13:51 +03:00: ❌ IMAP error: LOGIN invalid credentials or IMAP is disabled sc=oDi0Xo04UuQ0_2026-04-02-19-13_imap-production-main-903
2026-04-02 22:14:21 +03:00: ❌ IMAP error: LOGIN invalid credentials or IMAP is disabled sc=LEixJW0Wta60_2026-04-02-19-14_imap-production-main-94
2026-04-02 22:14:51 +03:00: ❌ IMAP error: LOGIN invalid credentials or IMAP is disabled sc=pEimve7Y2Cg0_2026-04-02-19-14_imap-production-main-948
2026-04-02 22:15:21 +03:00: ❌ IMAP error: LOGIN invalid credentials or IMAP is disabled sc=LFisvZBkAeA0_2026-04-02-19-15_imap-production-main-138
2026-04-02 22:15:51 +03:00: ❌ IMAP error: LOGIN invalid credentials or IMAP is disabled sc=pFiVkF0QrOs0_2026-04-02-19-15_imap-production-main-87
2026-04-02 22:16:21 +03:00: ❌ IMAP error: LOGIN invalid credentials or IMAP is disabled sc=LGi56RBZ2uQ0_2026-04-02-19-16_imap-production-main-44
2026-04-02 22:16:52 +03:00: ❌ IMAP error: LOGIN invalid credentials or IMAP is disabled sc=pGi0M93ZveA0_2026-04-02-19-16_imap-production-main-755
2026-04-02 22:17:22 +03:00: ❌ IMAP error: LOGIN invalid credentials or IMAP is disabled sc=MHixs2Ah80U0_2026-04-02-19-17_imap-production-main-568
2026-04-02 22:17:52 +03:00: ❌ IMAP error: LOGIN invalid credentials or IMAP is disabled sc=qHi8Jg4Eba60_2026-04-02-19-17_imap-production-main-13
2026-04-02 22:18:22 +03:00: ❌ IMAP error: LOGIN invalid credentials or IMAP is disabled sc=MIigScAi9uQ0_2026-04-02-19-18_imap-production-main-843
2026-04-02 22:18:52 +03:00: ❌ IMAP error: LOGIN invalid credentials or IMAP is disabled sc=qIiSYN2Jk8c0_2026-04-02-19-18_imap-production-main-20
2026-04-02 22:19:22 +03:00: ❌ IMAP error: LOGIN invalid credentials or IMAP is disabled sc=MJiMkp0Rq0U0_2026-04-02-19-19_imap-production-main-427
2026-04-02 22:19:53 +03:00: ❌ IMAP error: LOGIN invalid credentials or IMAP is disabled sc=qJivxY1QqSw0_2026-04-02-19-19_imap-production-main-919
2026-04-02 22:20:23 +03:00: ❌ IMAP error: LOGIN invalid credentials or IMAP is disabled sc=NKi6nq1SoW20_2026-04-02-19-20_imap-production-main-805
2026-04-02 22:20:53 +03:00: ❌ IMAP error: LOGIN invalid credentials or IMAP is disabled sc=rKipdY8tJiE0_2026-04-02-19-20_imap-production-main-213
2026-04-02 22:21:23 +03:00: ❌ IMAP error: LOGIN invalid credentials or IMAP is disabled sc=NLiolt0pEW20_2026-04-02-19-21_imap-production-main-103
2026-04-02 22:21:53 +03:00: ❌ IMAP error: LOGIN invalid credentials or IMAP is disabled sc=rLiIdn5UseA0_2026-04-02-19-21_imap-production-main-701
2026-04-02 22:22:24 +03:00: ❌ IMAP error: LOGIN invalid credentials or IMAP is disabled sc=NMi9Jq1Tu0U0_2026-04-02-19-22_imap-production-main-305
2026-04-02 22:22:54 +03:00: ❌ IMAP error: LOGIN invalid credentials or IMAP is disabled sc=sMirgk9YvqM0_2026-04-02-19-22_imap-production-main-508
2026-04-02 22:23:24 +03:00: ❌ IMAP error: LOGIN invalid credentials or IMAP is disabled sc=ONi9ar1LkCg0_2026-04-02-19-23_imap-production-main-921
2026-04-02 22:23:54 +03:00: ❌ IMAP error: LOGIN invalid credentials or IMAP is disabled sc=sNiFqP4QpOs0_2026-04-02-19-23_imap-production-main-558
2026-04-02 22:24:25 +03:00: ❌ IMAP error: LOGIN invalid credentials or IMAP is disabled sc=OOiuBc2e58c0_2026-04-02-19-24_imap-production-main-452
2026-04-02 22:24:55 +03:00: ❌ IMAP error: LOGIN invalid credentials or IMAP is disabled sc=tOinMHARqKo0_2026-04-02-19-24_imap-production-main-295
2026-04-02 22:25:25 +03:00: ❌ IMAP error: LOGIN invalid credentials or IMAP is disabled sc=PPiPdc7TtqM0_2026-04-02-19-25_imap-production-main-320
2026-04-02 22:25:55 +03:00: ❌ IMAP error: LOGIN invalid credentials or IMAP is disabled sc=tPiJtY7EbeA0_2026-04-02-19-25_imap-production-main-887
2026-04-02 22:26:25 +03:00: ❌ IMAP error: LOGIN invalid credentials or IMAP is disabled sc=PQiufQ5RtuQ0_2026-04-02-19-26_imap-production-main-441
2026-04-02 22:26:55 +03:00: ❌ IMAP error: LOGIN invalid credentials or IMAP is disabled sc=tQiDN2BlFuQ0_2026-04-02-19-26_imap-production-main-340
2026-04-02 22:27:26 +03:00: ❌ IMAP error: LOGIN invalid credentials or IMAP is disabled sc=QRicJN7sMmI0_2026-04-02-19-27_imap-production-main-890
2026-04-02 22:27:56 +03:00: ❌ IMAP error: LOGIN invalid credentials or IMAP is disabled sc=uRiLHZ0WvuQ0_2026-04-02-19-27_imap-production-main-94
2026-04-02 22:28:26 +03:00: ❌ IMAP error: LOGIN invalid credentials or IMAP is disabled sc=QSiYYU5nEGk0_2026-04-02-19-28_imap-production-main-196
2026-04-02 22:28:56 +03:00: ❌ IMAP error: LOGIN invalid credentials or IMAP is disabled sc=uSiucU2wNeA0_2026-04-02-19-28_imap-production-main-417
2026-04-02 22:29:26 +03:00: ❌ IMAP error: LOGIN invalid credentials or IMAP is disabled sc=QTiRHG2jDiE0_2026-04-02-19-29_imap-production-main-703
2026-04-02 22:29:56 +03:00: ❌ IMAP error: LOGIN invalid credentials or IMAP is disabled sc=uTi4jJ6Tr0U0_2026-04-02-19-29_imap-production-main-24
2026-04-02 22:30:27 +03:00: ❌ IMAP error: LOGIN invalid credentials or IMAP is disabled sc=RUidx21Vu0U0_2026-04-02-19-30_imap-production-main-69
2026-04-02 22:30:57 +03:00: ❌ IMAP error: LOGIN invalid credentials or IMAP is disabled sc=vUi1cGAiC0U0_2026-04-02-19-30_imap-production-main-716
2026-04-02 22:31:27 +03:00: ❌ IMAP error: LOGIN invalid credentials or IMAP is disabled sc=RVin5h0vN8c0_2026-04-02-19-31_imap-production-main-577
2026-04-02 22:31:57 +03:00: ❌ IMAP error: LOGIN invalid credentials or IMAP is disabled sc=vViG9h2PoiE0_2026-04-02-19-31_imap-production-main-71
2026-04-02 22:32:27 +03:00: ❌ IMAP error: LOGIN invalid credentials or IMAP is disabled sc=RWim9e0CaCg0_2026-04-02-19-32_imap-production-main-535
2026-04-02 22:32:57 +03:00: ❌ IMAP error: LOGIN invalid credentials or IMAP is disabled sc=vWi2WT1BXmI0_2026-04-02-19-32_imap-production-main-349
2026-04-02 22:33:28 +03:00: ❌ IMAP error: LOGIN invalid credentials or IMAP is disabled sc=SXisvrARtOs0_2026-04-02-19-33_imap-production-main-428
2026-04-02 22:33:58 +03:00: ❌ IMAP error: LOGIN invalid credentials or IMAP is disabled sc=wXiY3S5RrOs0_2026-04-02-19-33_imap-production-main-242
2026-04-02 22:34:28 +03:00: ❌ IMAP error: LOGIN invalid credentials or IMAP is disabled sc=SYiR1N2VwqM0_2026-04-02-19-34_imap-production-main-62
2026-04-02 22:34:58 +03:00: ❌ IMAP error: LOGIN invalid credentials or IMAP is disabled sc=wYi22L2e7a60_2026-04-02-19-34_imap-production-main-54
2026-04-02 22:35:28 +03:00: ❌ IMAP error: LOGIN invalid credentials or IMAP is disabled sc=SZi8rC1Pp0U0_2026-04-02-19-35_imap-production-main-56
2026-04-02 22:35:58 +03:00: ❌ IMAP error: LOGIN invalid credentials or IMAP is disabled sc=wZif9f99YGk0_2026-04-02-19-35_imap-production-main-14
2026-04-02 22:36:29 +03:00: ❌ IMAP error: LOGIN invalid credentials or IMAP is disabled sc=TaiAjS2StKo0_2026-04-02-19-36_imap-production-main-681
2026-04-02 22:36:59 +03:00: ❌ IMAP error: LOGIN invalid credentials or IMAP is disabled sc=xaiNiLASvOs0_2026-04-02-19-36_imap-production-main-501
2026-04-02 22:37:29 +03:00: ❌ IMAP error: LOGIN invalid credentials or IMAP is disabled sc=Tbikv01UvOs0_2026-04-02-19-37_imap-production-main-203
2026-04-02 22:37:59 +03:00: ❌ IMAP error: LOGIN invalid credentials or IMAP is disabled sc=xbixuU2hA4Y0_2026-04-02-19-37_imap-production-main-319
2026-04-02 22:38:29 +03:00: ❌ IMAP error: LOGIN invalid credentials or IMAP is disabled sc=TcicZm1MjKo0_2026-04-02-19-38_imap-production-main-37
2026-04-02 22:39:00 +03:00: ❌ IMAP error: LOGIN invalid credentials or IMAP is disabled sc=xcitZM1OmOs0_2026-04-02-19-39_imap-production-main-766
2026-04-02 22:39:30 +03:00: ❌ IMAP error: LOGIN invalid credentials or IMAP is disabled sc=UdilA40QpKo0_2026-04-02-19-39_imap-production-main-704
2026-04-02 22:40:00 +03:00: ❌ IMAP error: LOGIN invalid credentials or IMAP is disabled sc=0eiPNB0g74Y0_2026-04-02-19-40_imap-production-main-85
2026-04-02 22:40:30 +03:00: ❌ IMAP error: LOGIN invalid credentials or IMAP is disabled sc=Uei10X6kBqM0_2026-04-02-19-40_imap-production-main-484
2026-04-02 22:41:00 +03:00: ❌ IMAP error: LOGIN invalid credentials or IMAP is disabled sc=0fihsZ1i9iE0_2026-04-02-19-41_imap-production-main-910
2026-04-02 22:41:30 +03:00: ❌ IMAP error: LOGIN invalid credentials or IMAP is disabled sc=UfiXvc7RsiE0_2026-04-02-19-41_imap-production-main-299
2026-04-02 22:42:01 +03:00: ❌ IMAP error: LOGIN invalid credentials or IMAP is disabled sc=1giaU039YKo0_2026-04-02-19-42_imap-production-main-22
2026-04-02 22:42:31 +03:00: ❌ IMAP error: LOGIN invalid credentials or IMAP is disabled sc=Vgioiu94RCg0_2026-04-02-19-42_imap-production-main-730
2026-04-02 22:43:01 +03:00: ❌ IMAP error: LOGIN invalid credentials or IMAP is disabled sc=1hiNE12SqKo0_2026-04-02-19-43_imap-production-main-369
2026-04-02 22:43:31 +03:00: ❌ IMAP error: LOGIN invalid credentials or IMAP is disabled sc=VhilYm0b3Sw0_2026-04-02-19-43_imap-production-main-390
2026-04-02 22:44:01 +03:00: ❌ IMAP error: LOGIN invalid credentials or IMAP is disabled sc=1iiuqU0j94Y0_2026-04-02-19-44_imap-production-main-33
2026-04-02 22:44:32 +03:00: ❌ IMAP error: LOGIN invalid credentials or IMAP is disabled sc=ViiG0J1e60U0_2026-04-02-19-44_imap-production-main-782
2026-04-02 22:45:02 +03:00: ❌ IMAP error: LOGIN invalid credentials or IMAP is disabled sc=2jicbA0Tt4Y0_2026-04-02-19-45_imap-production-main-86
2026-04-02 22:45:32 +03:00: ❌ IMAP error: LOGIN invalid credentials or IMAP is disabled sc=Wji6W85Z28c0_2026-04-02-19-45_imap-production-main-70
2026-04-02 22:46:02 +03:00: ❌ IMAP error: LOGIN invalid credentials or IMAP is disabled sc=2kiPHN01T8c0_2026-04-02-19-46_imap-production-main-867
2026-04-02 22:46:32 +03:00: ❌ IMAP error: LOGIN invalid credentials or IMAP is disabled sc=WkiQEv7jBeA0_2026-04-02-19-46_imap-production-main-36
2026-04-02 22:47:02 +03:00: ❌ IMAP error: LOGIN invalid credentials or IMAP is disabled sc=2li0ct4Z18c0_2026-04-02-19-47_imap-production-main-72
2026-04-02 22:47:33 +03:00: ❌ IMAP error: LOGIN invalid credentials or IMAP is disabled sc=Wli9nX8YxSw0_2026-04-02-19-47_imap-production-main-703
2026-04-02 22:48:03 +03:00: ❌ IMAP error: LOGIN invalid credentials or IMAP is disabled sc=3migLn0b4Sw0_2026-04-02-19-48_imap-production-main-390
2026-04-02 22:48:33 +03:00: ❌ IMAP error: LOGIN invalid credentials or IMAP is disabled sc=XmiToR7Jg0U0_2026-04-02-19-48_imap-production-main-94
2026-04-02 22:49:03 +03:00: ❌ IMAP error: LOGIN invalid credentials or IMAP is disabled sc=3niEr02Tt0U0_2026-04-02-19-49_imap-production-main-120
2026-04-02 22:49:33 +03:00: ❌ IMAP error: LOGIN invalid credentials or IMAP is disabled sc=XniGrM9Uu8c0_2026-04-02-19-49_imap-production-main-537
2026-04-02 22:50:03 +03:00: ❌ IMAP error: LOGIN invalid credentials or IMAP is disabled sc=3oism20UuiE0_2026-04-02-19-50_imap-production-main-373
2026-04-02 22:50:34 +03:00: ❌ IMAP error: LOGIN invalid credentials or IMAP is disabled sc=YoiFT647WqM0_2026-04-02-19-50_imap-production-main-64
2026-04-02 22:51:04 +03:00: ❌ IMAP error: LOGIN invalid credentials or IMAP is disabled sc=4pi8LQBjBa60_2026-04-02-19-51_imap-production-main-901
2026-04-02 22:51:34 +03:00: ❌ IMAP error: LOGIN invalid credentials or IMAP is disabled sc=YpiYhX7Sra60_2026-04-02-19-51_imap-production-main-985
2026-04-02 22:52:04 +03:00: ❌ IMAP error: LOGIN invalid credentials or IMAP is disabled sc=4qiVph0Tp4Y0_2026-04-02-19-52_imap-production-main-692
2026-04-02 22:52:34 +03:00: ❌ IMAP error: LOGIN invalid credentials or IMAP is disabled sc=YqiJ6K1e6Cg0_2026-04-02-19-52_imap-production-main-782
2026-04-02 22:53:05 +03:00: ❌ IMAP error: LOGIN invalid credentials or IMAP is disabled sc=4ri9k05RqOs0_2026-04-02-19-53_imap-production-main-200
2026-04-02 22:53:35 +03:00: ❌ IMAP error: LOGIN invalid credentials or IMAP is disabled sc=ZriJDl2mB4Y0_2026-04-02-19-53_imap-production-main-42
2026-04-02 22:54:05 +03:00: ❌ IMAP error: LOGIN invalid credentials or IMAP is disabled sc=5sixJA2Yxa60_2026-04-02-19-54_imap-production-main-343
2026-04-02 22:54:35 +03:00: ❌ IMAP error: LOGIN invalid credentials or IMAP is disabled sc=ZsibS20TuSw0_2026-04-02-19-54_imap-production-main-27
2026-04-02 22:55:05 +03:00: ❌ IMAP error: LOGIN invalid credentials or IMAP is disabled sc=5tiBTO7RtSw0_2026-04-02-19-55_imap-production-main-71
2026-04-02 22:55:36 +03:00: ❌ IMAP error: LOGIN invalid credentials or IMAP is disabled sc=ZtiPPP5VtqM0_2026-04-02-19-55_imap-production-main-553
2026-04-02 22:56:06 +03:00: ❌ IMAP error: LOGIN invalid credentials or IMAP is disabled sc=6ui9bt2PluQ0_2026-04-02-19-56_imap-production-main-368
2026-04-02 22:56:36 +03:00: ❌ IMAP error: LOGIN invalid credentials or IMAP is disabled sc=auiMhi5NkmI0_2026-04-02-19-56_imap-production-main-98
2026-04-02 22:57:06 +03:00: ❌ IMAP error: LOGIN invalid credentials or IMAP is disabled sc=6viu9Q6Dd8c0_2026-04-02-19-57_imap-production-main-107
2026-04-02 22:57:36 +03:00: ❌ IMAP error: LOGIN invalid credentials or IMAP is disabled sc=avia8D1h9eA0_2026-04-02-19-57_imap-production-main-692
2026-04-02 22:58:06 +03:00: ❌ IMAP error: LOGIN invalid credentials or IMAP is disabled sc=6wi1Ld3Mj8c0_2026-04-02-19-58_imap-production-main-818
2026-04-02 22:58:37 +03:00: ❌ IMAP error: LOGIN invalid credentials or IMAP is disabled sc=awimrA0Rt4Y0_2026-04-02-19-58_imap-production-main-97
2026-04-02 22:59:07 +03:00: ❌ IMAP error: LOGIN invalid credentials or IMAP is disabled sc=7xiPvJ29Y4Y0_2026-04-02-19-59_imap-production-main-19
2026-04-02 22:59:37 +03:00: ❌ IMAP error: LOGIN invalid credentials or IMAP is disabled sc=bxiJ4b0Uqa60_2026-04-02-19-59_imap-production-main-667
2026-04-02 23:00:07 +03:00: ❌ IMAP error: LOGIN invalid credentials or IMAP is disabled sc=70jgkF0HhuQ0_2026-04-02-20-00_imap-production-main-586
2026-04-02 23:00:37 +03:00: ❌ IMAP error: LOGIN invalid credentials or IMAP is disabled sc=b0j6bM8RrGk0_2026-04-02-20-00_imap-production-main-808
2026-04-02 23:01:07 +03:00: ❌ IMAP error: LOGIN invalid credentials or IMAP is disabled sc=71ja2a6hBSw0_2026-04-02-20-01_imap-production-main-355
2026-04-02 23:01:38 +03:00: ❌ IMAP error: LOGIN invalid credentials or IMAP is disabled sc=c1jgsA55Ta60_2026-04-02-20-01_imap-production-main-62
2026-04-02 23:02:08 +03:00: ❌ IMAP error: LOGIN invalid credentials or IMAP is disabled sc=82jFhFAkEqM0_2026-04-02-20-02_imap-production-main-595
